------------------------------------------------------------
TimeQuest Timing Analyzer Summary
------------------------------------------------------------

Type  : Slow 1100mV 85C Model Setup 'clk'
Slack : -2.238
TNS   : -37.493

Type  : Slow 1100mV 85C Model Hold 'clk'
Slack : 0.516
TNS   : 0.000

Type  : Slow 1100mV 85C Model Minimum Pulse Width 'clk'
Slack : -0.724
TNS   : -23.258

Type  : Slow 1100mV 0C Model Setup 'clk'
Slack : -2.484
TNS   : -41.710

Type  : Slow 1100mV 0C Model Hold 'clk'
Slack : 0.535
TNS   : 0.000

Type  : Slow 1100mV 0C Model Minimum Pulse Width 'clk'
Slack : -0.724
TNS   : -23.273

Type  : Fast 1100mV 85C Model Setup 'clk'
Slack : -0.286
TNS   : -2.303

Type  : Fast 1100mV 85C Model Hold 'clk'
Slack : 0.201
TNS   : 0.000

Type  : Fast 1100mV 85C Model Minimum Pulse Width 'clk'
Slack : -0.086
TNS   : -1.786

Type  : Fast 1100mV 0C Model Setup 'clk'
Slack : -0.269
TNS   : -2.075

Type  : Fast 1100mV 0C Model Hold 'clk'
Slack : 0.191
TNS   : 0.000

Type  : Fast 1100mV 0C Model Minimum Pulse Width 'clk'
Slack : -0.087
TNS   : -1.807

------------------------------------------------------------
