------------------------------------------------------------
TimeQuest Timing Analyzer Summary
------------------------------------------------------------

Type  : Slow 1100mV 85C Model Setup 'clk'
Slack : -1.966
TNS   : -30.657

Type  : Slow 1100mV 85C Model Hold 'clk'
Slack : 0.516
TNS   : 0.000

Type  : Slow 1100mV 85C Model Minimum Pulse Width 'clk'
Slack : -0.724
TNS   : -22.170

Type  : Slow 1100mV 0C Model Setup 'clk'
Slack : -2.191
TNS   : -34.090

Type  : Slow 1100mV 0C Model Hold 'clk'
Slack : 0.534
TNS   : 0.000

Type  : Slow 1100mV 0C Model Minimum Pulse Width 'clk'
Slack : -0.724
TNS   : -22.160

Type  : Fast 1100mV 85C Model Setup 'clk'
Slack : -0.148
TNS   : -0.796

Type  : Fast 1100mV 85C Model Hold 'clk'
Slack : 0.200
TNS   : 0.000

Type  : Fast 1100mV 85C Model Minimum Pulse Width 'clk'
Slack : -0.086
TNS   : -1.710

Type  : Fast 1100mV 0C Model Setup 'clk'
Slack : -0.133
TNS   : -0.649

Type  : Fast 1100mV 0C Model Hold 'clk'
Slack : 0.190
TNS   : 0.000

Type  : Fast 1100mV 0C Model Minimum Pulse Width 'clk'
Slack : -0.088
TNS   : -1.740

------------------------------------------------------------
