------------------------------------------------------------
TimeQuest Timing Analyzer Summary
------------------------------------------------------------

Type  : Slow 1100mV 85C Model Setup 'clk'
Slack : 14.052
TNS   : 0.000

Type  : Slow 1100mV 85C Model Hold 'clk'
Slack : 0.319
TNS   : 0.000

Type  : Slow 1100mV 85C Model Minimum Pulse Width 'clk'
Slack : 9.422
TNS   : 0.000

Type  : Slow 1100mV 0C Model Setup 'clk'
Slack : 13.956
TNS   : 0.000

Type  : Slow 1100mV 0C Model Hold 'clk'
Slack : 0.293
TNS   : 0.000

Type  : Slow 1100mV 0C Model Minimum Pulse Width 'clk'
Slack : 9.368
TNS   : 0.000

Type  : Fast 1100mV 85C Model Setup 'clk'
Slack : 16.292
TNS   : 0.000

Type  : Fast 1100mV 85C Model Hold 'clk'
Slack : 0.194
TNS   : 0.000

Type  : Fast 1100mV 85C Model Minimum Pulse Width 'clk'
Slack : 9.396
TNS   : 0.000

Type  : Fast 1100mV 0C Model Setup 'clk'
Slack : 16.534
TNS   : 0.000

Type  : Fast 1100mV 0C Model Hold 'clk'
Slack : 0.175
TNS   : 0.000

Type  : Fast 1100mV 0C Model Minimum Pulse Width 'clk'
Slack : 9.397
TNS   : 0.000

------------------------------------------------------------
